f:42
z1:2
z2:1.41421 {a where a = 1.41421 [a^2-2=0]}
acb8:((3260954456333195553 * 2^-61) +/- (536870917 * 2^-91), (0) +/- (0))
acb0:((189812531 * 2^-27) +/- (536870917 * 2^-58), (0) +/- (0))
acb16:((12738103345051545 * 2^-53) +/- (536870917 * 2^-83), (0) +/- (0))
acb8:61 -> 92681
acb0:28 -> 92681
acb16:53 -> 92681
true
